1) Update error
>>>pyproject.toml
[tool]
[tool.poetry]
...
description = "added description here"